Java HotSpot(TM) 64-Bit Server VM (25.40-b25) for linux-amd64 JRE (1.8.0_40-b25), built on Feb 10 2015 21:29:53 by "java_re" with gcc 4.3.0 20080428 (Red Hat 4.3.0-8)
Memory: 4k page, physical 16373544k(14907400k free), swap 1515516k(1515516k free)
CommandLine flags: -XX:+CMSClassUnloadingEnabled -XX:+CMSScavengeBeforeRemark -XX:+DisableExplicitGC -XX:InitialHeapSize=1073741824 -XX:+ManagementServer -XX:MaxHeapSize=1073741824 -XX:MaxNewSize=348966912 -XX:MaxTenuringThreshold=6 -XX:NewSize=348966912 -XX:OldPLABSize=16 -XX:OldSize=697933824 -XX:+PrintGC -XX:+PrintGCDateStamps -XX:+PrintGCDetails -XX:+PrintGCTimeStamps -XX:+UseCompressedClassPointers -XX:+UseCompressedOops -XX:+UseConcMarkSweepGC -XX:+UseParNewGC 
2015-05-06T14:30:30.621+0200: 55.705: [GC (Allocation Failure) 55.705: [ParNew: 272640K->11768K(306688K), 0.0424498 secs] 272640K->11768K(1014528K), 0.0425659 secs] [Times: user=0.06 sys=0.01, real=0.04 secs] 
2015-05-06T14:30:33.274+0200: 58.357: [GC (Allocation Failure) 58.357: [ParNew: 284408K->5667K(306688K), 0.0165131 secs] 284408K->5667K(1014528K), 0.0165969 secs] [Times: user=0.04 sys=0.00, real=0.02 secs] 
2015-05-06T14:34:31.183+0200: 296.267: [GC (Allocation Failure) 296.267: [ParNew: 278307K->5380K(306688K), 0.0113826 secs] 278307K->5380K(1014528K), 0.0114717 secs] [Times: user=0.02 sys=0.00, real=0.01 secs] 
2015-05-06T14:34:39.193+0200: 304.276: [GC (CMS Initial Mark) [1 CMS-initial-mark: 0K(707840K)] 39572K(1014528K), 0.0072478 secs] [Times: user=0.02 sys=0.00, real=0.01 secs] 
2015-05-06T14:34:39.200+0200: 304.284: [CMS-concurrent-mark-start]
2015-05-06T14:34:39.211+0200: 304.295: [CMS-concurrent-mark: 0.011/0.011 secs] [Times: user=0.00 sys=0.01, real=0.01 secs] 
2015-05-06T14:34:39.211+0200: 304.295: [CMS-concurrent-preclean-start]
2015-05-06T14:34:39.214+0200: 304.298: [CMS-concurrent-preclean: 0.003/0.003 secs] [Times: user=0.00 sys=0.00, real=0.00 secs] 
2015-05-06T14:34:39.214+0200: 304.298: [CMS-concurrent-abortable-preclean-start]
 CMS: abort preclean due to time 2015-05-06T14:34:44.372+0200: 309.455: [CMS-concurrent-abortable-preclean: 1.990/5.157 secs] [Times: user=2.05 sys=0.00, real=5.16 secs] 
2015-05-06T14:34:44.372+0200: 309.456: [GC (CMS Final Remark) [YG occupancy: 44071 K (306688 K)]2015-05-06T14:34:44.372+0200: 309.456: [GC (CMS Final Remark) 309.456: [ParNew: 44071K->5809K(306688K), 0.0103614 secs] 44071K->5809K(1014528K), 0.0104651 secs] [Times: user=0.03 sys=0.00, real=0.01 secs] 
309.466: [Rescan (parallel) , 0.0037124 secs]309.470: [weak refs processing, 0.0000296 secs]309.470: [class unloading, 0.0038937 secs]309.474: [scrub symbol table, 0.0024427 secs]309.476: [scrub string table, 0.0003512 secs][1 CMS-remark: 0K(707840K)] 5809K(1014528K), 0.0223845 secs] [Times: user=0.05 sys=0.00, real=0.02 secs] 
2015-05-06T14:34:44.395+0200: 309.478: [CMS-concurrent-sweep-start]
2015-05-06T14:34:44.395+0200: 309.478: [CMS-concurrent-sweep: 0.000/0.000 secs] [Times: user=0.00 sys=0.00, real=0.00 secs] 
2015-05-06T14:34:44.395+0200: 309.478: [CMS-concurrent-reset-start]
2015-05-06T14:34:44.400+0200: 309.484: [CMS-concurrent-reset: 0.005/0.005 secs] [Times: user=0.00 sys=0.00, real=0.01 secs] 
2015-05-06T20:22:48.280+0200: 21193.364: [GC (Allocation Failure) 21193.364: [ParNew: 278449K->6715K(306688K), 0.0179736 secs] 278449K->6715K(1014528K), 0.0181456 secs] [Times: user=0.05 sys=0.00, real=0.01 secs] 
2015-05-06T23:34:35.264+0200: 32700.348: [GC (Allocation Failure) 32700.348: [ParNew: 279355K->5560K(306688K), 0.0172445 secs] 279355K->5560K(1014528K), 0.0174136 secs] [Times: user=0.05 sys=0.00, real=0.02 secs] 
2015-05-07T01:14:06.989+0200: 38672.073: [GC (Allocation Failure) 38672.073: [ParNew: 278200K->4090K(306688K), 0.0341298 secs] 278200K->7527K(1014528K), 0.0342854 secs] [Times: user=0.11 sys=0.00, real=0.04 secs] 
2015-05-07T02:58:06.157+0200: 44911.240: [GC (Allocation Failure) 44911.241: [ParNew: 276730K->1368K(306688K), 0.0111255 secs] 280167K->4984K(1014528K), 0.0112998 secs] [Times: user=0.04 sys=0.00, real=0.01 secs] 
2015-05-07T04:42:13.280+0200: 51158.364: [GC (Allocation Failure) 51158.364: [ParNew: 274008K->962K(306688K), 0.0114647 secs] 277624K->4735K(1014528K), 0.0116849 secs] [Times: user=0.04 sys=0.00, real=0.01 secs] 
2015-05-07T06:26:43.280+0200: 57428.364: [GC (Allocation Failure) 57428.364: [ParNew: 273602K->585K(306688K), 0.0117429 secs] 277375K->4554K(1014528K), 0.0119438 secs] [Times: user=0.03 sys=0.00, real=0.01 secs] 
2015-05-07T08:11:43.280+0200: 63728.364: [GC (Allocation Failure) 63728.364: [ParNew: 273225K->507K(306688K), 0.0101916 secs] 277194K->4500K(1014528K), 0.0103775 secs] [Times: user=0.04 sys=0.00, real=0.00 secs] 
2015-05-07T09:57:18.280+0200: 70063.364: [GC (Allocation Failure) 70063.364: [ParNew: 273147K->425K(306688K), 0.0119603 secs] 277140K->4445K(1014528K), 0.0121607 secs] [Times: user=0.03 sys=0.00, real=0.01 secs] 
2015-05-07T11:42:33.283+0200: 76378.367: [GC (Allocation Failure) 76378.367: [ParNew: 273065K->401K(306688K), 0.0094768 secs] 277085K->4424K(1014528K), 0.0096504 secs] [Times: user=0.02 sys=0.00, real=0.01 secs] 
2015-05-07T13:28:59.521+0200: 82764.604: [GC (Allocation Failure) 82764.604: [ParNew: 273041K->396K(306688K), 0.0116927 secs] 277064K->4419K(1014528K), 0.0118345 secs] [Times: user=0.03 sys=0.00, real=0.01 secs] 
2015-05-07T15:14:51.031+0200: 89116.115: [GC (Allocation Failure) 89116.115: [ParNew: 273036K->418K(306688K), 0.0089947 secs] 277059K->4442K(1014528K), 0.0091877 secs] [Times: user=0.02 sys=0.00, real=0.01 secs] 
2015-05-08T10:44:48.027+0200: 95444.247: [GC (Allocation Failure) 95444.248: [ParNew: 273058K->393K(306688K), 0.1875202 secs] 277082K->4416K(1014528K), 0.1895627 secs] [Times: user=0.07 sys=0.05, real=0.19 secs] 
2015-05-08T12:30:40.705+0200: 101796.924: [GC (Allocation Failure) 101796.924: [ParNew: 273033K->402K(306688K), 0.0062608 secs] 277056K->4426K(1014528K), 0.0063509 secs] [Times: user=0.01 sys=0.00, real=0.00 secs] 
2015-05-08T14:15:31.163+0200: 108087.382: [GC (Allocation Failure) 108087.382: [ParNew: 273042K->409K(306688K), 0.0057924 secs] 277066K->4433K(1014528K), 0.0058961 secs] [Times: user=0.01 sys=0.00, real=0.01 secs] 
2015-05-08T16:01:12.147+0200: 114428.366: [GC (Allocation Failure) 114428.367: [ParNew: 273049K->398K(306688K), 0.0057155 secs] 277073K->4422K(1014528K), 0.0058458 secs] [Times: user=0.01 sys=0.00, real=0.00 secs] 
